// Jest Snapshot v1, https://goo.gl/fbAQLP

exports[`should render modal elements correctly 1`] = `null`;
